components/pattern-management-page.tsx(58,5): error TS2322: Type 'Date' is not assignable to type 'string'.
components/pattern-management-page.tsx(67,5): error TS2322: Type 'Date' is not assignable to type 'string'.
components/pattern-management-page.tsx(76,5): error TS2322: Type 'Date' is not assignable to type 'string'.
components/pattern-management-page.tsx(85,5): error TS2322: Type 'Date' is not assignable to type 'string'.
components/pattern-management-page.tsx(181,21): error TS2345: Argument of type '(prev: FieldPattern[]) => (FieldPattern | { id: number; createdAt: Date; fieldName: string; patternRegex: string; priority: number; description?: string | undefined; active: boolean; })[]' is not assignable to parameter of type 'SetStateAction<FieldPattern[]>'.
  Type '(prev: FieldPattern[]) => (FieldPattern | { id: number; createdAt: Date; fieldName: string; patternRegex: string; priority: number; description?: string | undefined; active: boolean; })[]' is not assignable to type '(prevState: FieldPattern[]) => FieldPattern[]'.
    Type '(FieldPattern | { id: number; createdAt: Date; fieldName: string; patternRegex: string; priority: number; description?: string | undefined; active: boolean; })[]' is not assignable to type 'FieldPattern[]'.
      Type 'FieldPattern | { id: number; createdAt: Date; fieldName: string; patternRegex: string; priority: number; description?: string | undefined; active: boolean; }' is not assignable to type 'FieldPattern'.
        Type '{ id: number; createdAt: Date; fieldName: string; patternRegex: string; priority: number; description?: string; active: boolean; }' is not assignable to type 'FieldPattern'.
          Types of property 'createdAt' are incompatible.
            Type 'Date' is not assignable to type 'string'.
components/templateSignatureDialog.tsx(11,10): error TS2305: Module '"@/lib/api"' has no exported member 'createTemplateFromInvoice'.
components/uploaded-bank-files-page.tsx(123,103): error TS2339: Property 'isProcessing' does not exist on type 'LocalBankStatement'.
components/uploaded-bank-files-page.tsx(149,116): error TS2339: Property 'fileSize' does not exist on type 'LocalBankStatement'.
components/uploaded-bank-files-page.tsx(161,50): error TS2367: This comparison appears to be unintentional because the types '"pending" | "processing" | "validated" | undefined' and '"treated"' have no overlap.
components/uploaded-bank-files-page.tsx(199,54): error TS2367: This comparison appears to be unintentional because the types '"pending" | "processing" | "validated" | undefined' and '"treated"' have no overlap.
components/uploaded-files-page.tsx(161,26): error TS2367: This comparison appears to be unintentional because the types 'InvoiceStatus | undefined' and '"processed"' have no overlap.
components/uploaded-files-page.tsx(199,28): error TS2367: This comparison appears to be unintentional because the types 'InvoiceStatus | undefined' and '"processed"' have no overlap.
